// Jest Snapshot v1, https://goo.gl/fbAQLP

exports[`Should math snapshot 1`] = `
<div>
  <header
    class="container"
  >
    <div
      class="content"
    >
      <img
        alt="logo"
        class="logo"
        src="logo-f1.svg"
      />
      <p
        class="year"
      >
        2021
      </p>
    </div>
  </header>
  <div
    class="container"
  >
    <div
      class="content"
    >
      <div
        class="box"
      >
        <div
          class="content_top"
        >
          <div
            class="title_box"
          >
            <h1>
              Ranking drives
            </h1>
          </div>
        </div>
        <div
          class="container"
        >
          <div
            class="card"
          >
            <p>
              <span
                class="colorPosition"
              />
              1
              Â°
            </p>
            <div
              class="content_card"
            >
              <h2>
                string
              </h2>
              <p>
                string
              </p>
            </div>
          </div>
        </div>
      </div>
      <div
        class="box"
      >
        <div
          class="content_top"
        >
          <div
            class="title_box"
          >
            <h1>
              Races
            </h1>
            <p>
              select one competitions
            </p>
          </div>
        </div>
        <div
          class="container"
        >
          <div
            class="card_competition"
          >
            <div
              class="content_card_competition"
            >
              <h2>
                string
              </h2>
              <p>
                string
                , 
                string
              </p>
            </div>
          </div>
        </div>
      </div>
    </div>
  </div>
</div>
`;
