// Jest Snapshot v1, https://goo.gl/fbAQLP

exports[`Should math snapshot 1`] = `
<div
  class="container"
>
  <main
    class="main"
  >
    <div
      class="content"
    >
      <h1
        class="title"
      >
        F1 
        <span>
          Dashboard
        </span>
      </h1>
      <p
        class="sub_title"
      >
        Acompanhe seus jogadores preferidos
      </p>
      <button
        class="btn_goDashboard"
      >
        Go to dashboard
      </button>
    </div>
  </main>
  <footer
    class="footer"
  >
    Desenvlvido por
     
    <a
      href="https://luanmiqueias.com.br"
      target="blank"
    >
      Luan Miqueias
    </a>
  </footer>
</div>
`;
