// Jest Snapshot v1, https://goo.gl/fbAQLP

exports[`Should math snapshot 1`] = `
<div
  class="box"
>
  <div
    class="content_top"
  >
    <div
      class="title_box"
    >
      <h1>
        title 1
      </h1>
    </div>
  </div>
</div>
`;
