// Jest Snapshot v1, https://goo.gl/fbAQLP

exports[`Should math snapshot 1`] = `
<div
  class="container"
>
  <div
    class="loading"
  />
</div>
`;
